---
source: src/run.rs
expression: status
---
steps:
  - step_request:
      run: cmd arg1 arg2
      run_resolved:
        - "cmd arg1 arg2\n"
      commit_msg: cmd arg1 arg2
    step_response:
      sha: ~
      status: Pending
      output: ~

