---
source: src/main.rs
expression: "strip_manifest_path_from_text(format!(\"{:#}\", result.err().unwrap()))"
---
Specified file <MANIFEST_DIR>/tests/data/not-there.toml doesn't exist
