---
source: src/run.rs
expression: status
---
steps:
  - run: cmd arg1 arg2
    run_resolved:
      - "function cmd () {\nresolved $1 $2\n}\ncmd arg1 arg2\n"
    commit_msg: cmd arg1 arg2
    sha: ~
    status: Pending
    output: ~

