---
source: src/run.rs
expression: create_run_status_from_mend(mend)
---
steps: []

